Current configuration:
[NAME]			[DEFLT]		[VALUE]
-alpha			0.97		9.700000e-01
-argfile				
-blocksize		2048		262500
-build_outdirs		yes		yes
-c					../../test/regression/chan3.ctl
-cep2spec		no		no
-di					../../test/regression
-dither			no		no
-do					.
-doublebw		no		no
-ei					
-eo					mfc
-example		no		no
-frate			100		105
-help			no		no
-i					
-input_endian		little		little
-lifter			0		0
-logspec		no		no
-lowerf			133.33334	1.300000e+02
-mach_endian		little		little
-mswav			no		no
-ncep			13		13
-nchans			1		1
-nfft			512		512
-nfilt			40		36
-nist			no		no
-npart			0		0
-nskip			0		0
-o					
-ofmt			sphinx		sphinx
-part			0		0
-raw			no		no
-remove_dc		no		no
-remove_noise		yes		yes
-remove_silence		yes		yes
-round_filters		yes		yes
-runlen			-1		-1
-samprate		16000		1.102500e+04
-seed			-1		-1
-smoothspec		no		no
-spec2cep		no		no
-sph2pipe		no		no
-transform		legacy		legacy
-unit_area		yes		yes
-upperf			6855.4976	5.400000e+03
-vad_postspeech		50		50
-vad_prespeech		20		20
-vad_startspeech	10		10
-vad_threshold		2.0		2.000000e+00
-verbose		no		yes
-warp_params				
-warp_type		inverse_linear	inverse_linear
-whichchan		0		0
-wlen			0.025625	2.400000e-02

INFO: fe_interface.c(173): Current FE Parameters:
INFO: fe_interface.c(174): 	Sampling Rate:             11025.000000
INFO: fe_interface.c(175): 	Frame Size:                265
INFO: fe_interface.c(176): 	Frame Shift:               105
INFO: fe_interface.c(177): 	FFT Size:                  512
INFO: fe_interface.c(179): 	Lower Frequency:           130
INFO: fe_interface.c(181): 	Upper Frequency:           5400
INFO: fe_interface.c(182): 	Number of filters:         36
INFO: fe_interface.c(183): 	Number of Overflow Samps:  0
INFO: fe_interface.c(184): 	Start Utt Status:          0
INFO: fe_interface.c(186): Will not remove DC offset at frame level
INFO: fe_interface.c(192): Will not add dither to audio
INFO: fe_interface.c(199): Will normalize filters to unit area
INFO: fe_interface.c(201): Will round filter frequencies to DFT points
INFO: fe_interface.c(203): Will not use double bandwidth in mel filter
INFO: sphinx_fe.c(957): Processing all remaining utterances at position 0
INFO: sphinx_fe.c(764): Converting ../../test/regression/chan3.raw to ./chan3.raw.mfc
INFO: sphinx_fe.c(764): Converting ../../test/regression/chan3.wav to ./chan3.wav.mfc
INFO: sphinx_fe.c(764): Converting ../../test/regression/chan3.2chan.wav to ./chan3.2chan.wav.mfc
INFO: sphinx_fe.c(764): Converting ../../test/regression/chan3.sph to ./chan3.sph.mfc
Current configuration:
[NAME]		[DEFLT]		[VALUE]
-b		0		0
-d		10		13
-describe	0		0
-e		2147483647	2147483647
-f				chan3.wav.mfc
-header		0		0
-i		13		13

INFO: main_cepview.c(152): Displaying 13 out of 13 columns per frame
INFO: main_cepview.c(153): Total 2178 frames

